<?xml version="1.0" encoding="UTF-8"?>
<TestRun id="617c4f8b-274c-4bae-bd8a-24c267f22e8a" name="Klaus@KLAUS-PC 2014-03-10 21:59:41" runUser="Klaus-PC\Klaus" xmlns="http://microsoft.com/schemas/VisualStudio/TeamTest/2010">
  <TestSettings name="Default Test Settings" id="8a52d8d6-d087-4030-bb35-d627dc31c5f7">
    <Deployment runDeploymentRoot="Klaus_KLAUS-PC 2014-03-10 21_59_41">
      <DeploymentItem filename="C:\Users\Klaus\Desktop\Projeto Pack Web\CurriculoExpress\packages\Microsoft.AspNet.Razor.2.0.20710.0\lib\net40\System.Web.Razor.dll" />
      <DeploymentItem filename="C:\Users\Klaus\Desktop\Projeto Pack Web\CurriculoExpress\CurriculoExpressWeb\bin\CurriculoExpressWeb.dll" />
      <DeploymentItem filename="C:\Users\Klaus\Desktop\Projeto Pack Web\CurriculoExpress\packages\Microsoft.Web.Infrastructure.1.0.0.0\lib\net40\Microsoft.Web.Infrastructure.dll" />
      <DeploymentItem filename="C:\Users\Klaus\Desktop\Projeto Pack Web\CurriculoExpress\packages\Microsoft.Net.Http.2.0.20710.0\lib\net40\System.Net.Http.dll" />
      <DeploymentItem filename="C:\Users\Klaus\Desktop\Projeto Pack Web\CurriculoExpress\packages\Microsoft.AspNet.WebApi.WebHost.4.0.20710.0\lib\net40\System.Web.Http.WebHost.dll" />
      <DeploymentItem filename="C:\Users\Klaus\Desktop\Projeto Pack Web\CurriculoExpress\packages\Microsoft.AspNet.WebPages.2.0.20710.0\lib\net40\System.Web.WebPages.Deployment.dll" />
      <DeploymentItem filename="C:\Users\Klaus\Desktop\Projeto Pack Web\CurriculoExpress\packages\Newtonsoft.Json.4.5.6\lib\net40\Newtonsoft.Json.dll" />
      <DeploymentItem filename="C:\Users\Klaus\Desktop\Projeto Pack Web\CurriculoExpress\packages\Microsoft.Net.Http.2.0.20710.0\lib\net40\System.Net.Http.WebRequest.dll" />
      <DeploymentItem filename="C:\Users\Klaus\Desktop\Projeto Pack Web\CurriculoExpress\packages\Microsoft.AspNet.WebApi.Core.4.0.20710.0\lib\net40\System.Web.Http.dll" />
      <DeploymentItem filename="C:\Users\Klaus\Desktop\Projeto Pack Web\CurriculoExpress\packages\Microsoft.AspNet.WebPages.2.0.20710.0\lib\net40\System.Web.WebPages.dll" />
      <DeploymentItem filename="C:\Users\Klaus\Desktop\Projeto Pack Web\CurriculoExpress\packages\Microsoft.AspNet.WebPages.2.0.20710.0\lib\net40\System.Web.WebPages.Razor.dll" />
      <DeploymentItem filename="C:\Users\Klaus\Desktop\Projeto Pack Web\CurriculoExpress\packages\Microsoft.AspNet.Mvc.4.0.20710.0\lib\net40\System.Web.Mvc.dll" />
      <DeploymentItem filename="C:\Users\Klaus\Desktop\Projeto Pack Web\CurriculoExpress\packages\Microsoft.AspNet.WebApi.Client.4.0.20710.0\lib\net40\System.Net.Http.Formatting.dll" />
      <DeploymentItem filename="C:\Users\Klaus\Desktop\Projeto Pack Web\CurriculoExpress\packages\Microsoft.AspNet.WebPages.2.0.20710.0\lib\net40\System.Web.Helpers.dll" />
    </Deployment>
    <Execution>
      <TestTypeSpecific />
      <AgentRule name="Execution Agents">
      </AgentRule>
    </Execution>
  </TestSettings>
  <Times creation="2014-03-10T21:59:41.5493351-03:00" queuing="2014-03-10T21:59:47.1976581-03:00" start="2014-03-10T21:59:47.4696737-03:00" finish="2014-03-10T21:59:49.2377748-03:00" />
  <ResultSummary outcome="Completed">
    <Counters total="1" executed="1" passed="1" error="0" failed="0" timeout="0" aborted="0" inconclusive="0" passedButRunAborted="0" notRunnable="0" notExecuted="0" disconnected="0" warning="0" completed="0" inProgress="0" pending="0" />
  </ResultSummary>
  <TestDefinitions>
    <UnitTest name="TestMethod1" storage="c:\users\klaus\desktop\projeto pack web\curriculoexpress\curriculoexpress.tests\bin\debug\curriculoexpress.tests.dll" id="797e2027-7035-adfa-0b49-13f50d4c040b">
      <Execution id="7ef89cd3-a9ab-43b7-b3fd-b82560e4f34d" />
      <TestMethod codeBase="C:/Users/Klaus/Desktop/Projeto Pack Web/CurriculoExpress/CurriculoExpress.Tests/bin/Debug/CurriculoExpress.Tests.DLL" adapterTypeName="Microsoft.VisualStudio.TestTools.TestTypes.Unit.UnitTestAdapter, Microsoft.VisualStudio.QualityTools.Tips.UnitTest.Adapter, Version=10.0.0.0, Culture=neutral, PublicKeyToken=b03f5f7f11d50a3a" className="CurriculoExpressDomain.Tests.Models.LoginTest, CurriculoExpress.Tests, Version=1.0.0.0, Culture=neutral, PublicKeyToken=null" name="TestMethod1" />
    </UnitTest>
  </TestDefinitions>
  <TestLists>
    <TestList name="Results Not in a List" id="8c84fa94-04c1-424b-9868-57a2d4851a1d" />
    <TestList name="All Loaded Results" id="19431567-8539-422a-85d7-44ee4e166bda" />
  </TestLists>
  <TestEntries>
    <TestEntry testId="797e2027-7035-adfa-0b49-13f50d4c040b" executionId="7ef89cd3-a9ab-43b7-b3fd-b82560e4f34d" testListId="8c84fa94-04c1-424b-9868-57a2d4851a1d" />
  </TestEntries>
  <Results>
    <UnitTestResult executionId="7ef89cd3-a9ab-43b7-b3fd-b82560e4f34d" testId="797e2027-7035-adfa-0b49-13f50d4c040b" testName="TestMethod1" computerName="KLAUS-PC" duration="00:00:00.0138043" startTime="2014-03-10T21:59:47.9006983-03:00" endTime="2014-03-10T21:59:48.8587531-03:00" testType="13cdc9d9-ddb5-4fa4-a97d-d965ccfc6d4b" outcome="Passed" testListId="8c84fa94-04c1-424b-9868-57a2d4851a1d" relativeResultsDirectory="7ef89cd3-a9ab-43b7-b3fd-b82560e4f34d">
    </UnitTestResult>
  </Results>
</TestRun>